---
source: lib/src/lib.rs
expression: root
---
Markup: [WithSpacing(Destruct): Text("#"), FuncCall: [WithSpacing(StrongSpace): Text("f"), ParamsLike: [WithSpacing(WeakSpace): Text("("), ContentBlock: [WithSpacing(WeakSpace): Text("["), Markup: [WithSpacing(WeakSpace): Text("notp")], WithSpacing(WeakSpace): Text("]")], WithSpacing(StrongSpace): Text(","), Space: Text(" "), Preserve(1): Text("// typstfmt::off"), Preserve(1): Text("\n"), Preserve(1): Text(")")]], Preserve(1): Text("\n"), Preserve(2): Text("// typstfmt::off"), Preserve(2): Text("\n"), Preserve(1): Text("// typstfmt::on"), Preserve(1): Text("\n"), Preserve(1): Text("p"), Preserve(1): Text("\n"), Comment: Text("// typstfmt::on"), Space: Text("\n"), WithSpacing(WeakSpace): Text("notp")]
