---
source: lib/src/tests/snippets.rs
description: "INPUT\n===\n\"Lorem _ipsum_ dolor sit amet, _consectetur_ adipiscing elit, sed do eiusmod tempor incididunt ut labore.\"\n===\nLorem _ipsum_ dolor sit amet, _consectetur_ adipiscing elit, sed do eiusmod tempor incididunt ut labore.\n===\nFORMATTED\n===\nLorem _ipsum_ dolor sit amet, _consectetur_\nadipiscing elit, sed do eiusmod tempor incididunt\nut labore."
expression: formatted
---
"Lorem _ipsum_ dolor sit amet, _consectetur_\nadipiscing elit, sed do eiusmod tempor incididunt\nut labore."
