---
source: lib/src/tests/snippets.rs
description: "INPUT\n===\n\"Lorem ipsum dolor sit amet, consectetur adipiscing elit, sed do eiusmod tempor incididunt ut labore.\"\n===\nLorem ipsum dolor sit amet, consectetur adipiscing elit, sed do eiusmod tempor incididunt ut labore.\n===\nFORMATTED\n===\nLorem ipsum dolor sit amet, consectetur adipiscing\nelit, sed do eiusmod tempor incididunt ut labore."
expression: formatted
---
"Lorem ipsum dolor sit amet, consectetur adipiscing\nelit, sed do eiusmod tempor incididunt ut labore."
